Microchip MPLAB XC8 Compiler V2.32

Linker command line:

-W-3 --edf=C:\Program Files\Microchip\xc8\v2.32\pic\dat\en_msgs.txt -cn \
  -h+dist/default/production\1005.production.sym \
  --cmf=dist/default/production\1005.production.cmf -z -Q16F15254 \
  -oC:\Users\WILSON~1.THE\AppData\Local\Temp\xcAssoc.4 \
  --defsym=__MPLAB_BUILD=1 -Mdist/default/production/1005.production.map \
  -E1 -ver=XC8 Compiler --acfsm=1493 -ASTACK=0205Ch-020EFh -pstack=STACK \
  -ACODE=00h-07FFhx2 -ASTRCODE=00h-0FFFh -ASTRING=00h-0FFhx16 \
  -ACONST=00h-0FFhx16 -AENTRY=00h-0FFhx16 -ACOMMON=070h-07Fh \
  -ABANK0=020h-06Fh -ABANK1=0A0h-0EFh -ABANK2=0120h-016Fh \
  -ABANK3=01A0h-01EFh -ABANK4=0220h-026Fh -ABANK5=02A0h-02EFh \
  -ABANK6=0320h-032Fh -ABIGRAM=02000h-021EFh \
  -ARAM=020h-06Fh,0A0h-0EFh,0120h-016Fh,01A0h-01EFh,0220h-026Fh,02A0h-02EFh,0320h-032Fh \
  -AABS1=020h-07Fh,0A0h-0EFh,0120h-016Fh,01A0h-01EFh,0220h-026Fh,02A0h-02EFh,0320h-032Fh \
  -ASFR0=00h-01Fh -ASFR1=080h-09Fh -ASFR2=0100h-011Fh -ASFR3=0180h-019Fh \
  -ASFR4=0200h-021Fh -ASFR5=0280h-029Fh -ASFR6=0300h-031Fh \
  -ASFR7=0380h-03EFh -ASFR8=0400h-046Fh -ASFR9=0480h-04EFh \
  -ASFR10=0500h-056Fh -ASFR11=0580h-05EFh -ASFR12=0600h-066Fh \
  -ASFR13=0680h-06EFh -ASFR14=0700h-076Fh -ASFR15=0780h-07EFh \
  -ASFR16=0800h-086Fh -ASFR17=0880h-08EFh -ASFR18=0900h-096Fh \
  -ASFR19=0980h-09EFh -ASFR20=0A00h-0A6Fh -ASFR21=0A80h-0AEFh \
  -ASFR22=0B00h-0B6Fh -ASFR23=0B80h-0BEFh -ASFR24=0C00h-0C6Fh \
  -ASFR25=0C80h-0CEFh -ASFR26=0D00h-0D6Fh -ASFR27=0D80h-0DEFh \
  -ASFR28=0E00h-0E6Fh -ASFR29=0E80h-0EEFh -ASFR30=0F00h-0F6Fh \
  -ASFR31=0F80h-0FEFh -ASFR32=01000h-0106Fh -ASFR33=01080h-010EFh \
  -ASFR34=01100h-0116Fh -ASFR35=01180h-011EFh -ASFR36=01200h-0126Fh \
  -ASFR37=01280h-012EFh -ASFR38=01300h-0136Fh -ASFR39=01380h-013EFh \
  -ASFR40=01400h-0146Fh -ASFR41=01480h-014EFh -ASFR42=01500h-0156Fh \
  -ASFR43=01580h-015EFh -ASFR44=01600h-0166Fh -ASFR45=01680h-016EFh \
  -ASFR46=01700h-0176Fh -ASFR47=01780h-017EFh -ASFR48=01800h-0186Fh \
  -ASFR49=01880h-018EFh -ASFR50=01900h-0196Fh -ASFR51=01980h-019EFh \
  -ASFR52=01A00h-01A6Fh -ASFR53=01A80h-01AEFh -ASFR54=01B00h-01B6Fh \
  -ASFR55=01B80h-01BEFh -ASFR56=01C00h-01C6Fh -ASFR57=01C80h-01CEFh \
  -ASFR58=01D00h-01D6Fh -ASFR59=01D80h-01DEFh -ASFR60=01E00h-01E6Fh \
  -ASFR61=01E80h-01EEFh -ASFR62=01F00h-01F6Fh -ASFR63=01F80h-01FEFh \
  -ACONFIG=08007h-0800Bh -DCONFIG=2 -AIDLOC=08000h-08003h -DIDLOC=2 \
  -DCODE=2 -DSTRCODE=2 -DSTRING=2 -DCONST=2 -DENTRY=2 \
  -preset_vec=00h,intentry=04h,init,end_init -ppowerup=CODE -pcinit=CODE \
  -pfunctab=ENTRY -k C:\Users\WILSON~1.THE\AppData\Local\Temp\xcAssoc.o \
  dist/default/production\1005.production.o 

Object code version is 3.11

Machine type is 16F15254



                Name                               Link     Load   Length Selector   Space Scale
C:\Users\WILSON~1.THE\AppData\Local\Temp\xcAssoc.o
                end_init                             2A       2A        2        8       0
                reset_vec                             0        0        2        0       0
                config                             8007     8007        5        0       4
dist/default/production\1005.production.o
                cinit                                2C       2C       2D        8       0
                intentry                              4        4       26        8       0
                config                             8007     8007        5        0       4
                text18                              6A8      6A8       34        8       0
                text17                              780      780       1F        8       0
                text15                              73A      73A       26        8       0
                text14                              70F      70F       2B        8       0
                text13                              760      760       20        8       0
                text12                              7D4      7D4        C        8       0
                text11                              500      500       61        8       0
                text10                              621      621       47        8       0
                text9                               323      323       D3        8       0
                text8                               250      250       D3        8       0
                text7                               79F      79F       11        8       0
                text6                               48C      48C       74        8       0
                text5                               5C1      5C1       60        8       0
                text4                               561      561       60        8       0
                text3                               6DC      6DC       33        8       0
                text2                               3F6      3F6       96        8       0
                text1                               668      668       40        8       0
                maintext                             59       59      1F7        8       0
                cstackBANK0                          20       20       38       20       1
                cstackCOMMON                         70       70        6       70       1
                clrtext                             7C8      7C8        C        8       0
                inittext                            7BC      7BC        C        8       0
                dataBANK1                            A0       A0        C       A0       1
                bssBANK0                             58       58       14       20       1
                bssCOMMON                            76       76        5       70       1
                idataBANK1                          7B0      7B0        C        8       0

TOTAL           Name                               Link     Load   Length     Space
        CLASS   STACK          

        CLASS   CODE           
                end_init                             2A       2A        2         0
                cinit                                2C       2C       2D         0
                intentry                              4        4       26         0
                reset_vec                             0        0        2         0
                text18                              6A8      6A8       34         0
                text17                              780      780       1F         0
                text15                              73A      73A       26         0
                text14                              70F      70F       2B         0
                text13                              760      760       20         0
                text12                              7D4      7D4        C         0
                text11                              500      500       61         0
                text10                              621      621       47         0
                text9                               323      323       D3         0
                text8                               250      250       D3         0
                text7                               79F      79F       11         0
                text6                               48C      48C       74         0
                text5                               5C1      5C1       60         0
                text4                               561      561       60         0
                text3                               6DC      6DC       33         0
                text2                               3F6      3F6       96         0
                text1                               668      668       40         0
                maintext                             59       59      1F7         0
                clrtext                             7C8      7C8        C         0
                inittext                            7BC      7BC        C         0
                idataBANK1                          7B0      7B0        C         0

        CLASS   STRCODE        

        CLASS   STRING         

        CLASS   CONST          

        CLASS   ENTRY          

        CLASS   COMMON         
                cstackCOMMON                         70       70        6         1
                bssCOMMON                            76       76        5         1

        CLASS   BANK0          
                cstackBANK0                          20       20       38         1
                bssBANK0                             58       58       14         1

        CLASS   BANK1          
                dataBANK1                            A0       A0        C         1

        CLASS   BANK2          

        CLASS   BANK3          

        CLASS   BANK4          

        CLASS   BANK5          

        CLASS   BANK6          

        CLASS   BIGRAM         

        CLASS   RAM            

        CLASS   ABS1           
                abs_s1                               7E       7E        2         1
                abs_s1                              1A0      1A0       50         1
                abs_s1                              220      220       50         1
                abs_s1                              2A0      2A0       50         1
                abs_s1                              320      320       10         1
                abs_s1                             20F0     20F0        0         1

        CLASS   SFR0           

        CLASS   SFR1           

        CLASS   SFR2           

        CLASS   SFR3           

        CLASS   SFR4           

        CLASS   SFR5           

        CLASS   SFR6           

        CLASS   SFR7           

        CLASS   SFR8           

        CLASS   SFR9           

        CLASS   SFR10          

        CLASS   SFR11          

        CLASS   SFR12          

        CLASS   SFR13          

        CLASS   SFR14          

        CLASS   SFR15          

        CLASS   SFR16          

        CLASS   SFR17          

        CLASS   SFR18          

        CLASS   SFR19          

        CLASS   SFR20          

        CLASS   SFR21          

        CLASS   SFR22          

        CLASS   SFR23          

        CLASS   SFR24          

        CLASS   SFR25          

        CLASS   SFR26          

        CLASS   SFR27          

        CLASS   SFR28          

        CLASS   SFR29          

        CLASS   SFR30          

        CLASS   SFR31          

        CLASS   SFR32          

        CLASS   SFR33          

        CLASS   SFR34          

        CLASS   SFR35          

        CLASS   SFR36          

        CLASS   SFR37          

        CLASS   SFR38          

        CLASS   SFR39          

        CLASS   SFR40          

        CLASS   SFR41          

        CLASS   SFR42          

        CLASS   SFR43          

        CLASS   SFR44          

        CLASS   SFR45          

        CLASS   SFR46          

        CLASS   SFR47          

        CLASS   SFR48          

        CLASS   SFR49          

        CLASS   SFR50          

        CLASS   SFR51          

        CLASS   SFR52          

        CLASS   SFR53          

        CLASS   SFR54          

        CLASS   SFR55          

        CLASS   SFR56          

        CLASS   SFR57          

        CLASS   SFR58          

        CLASS   SFR59          

        CLASS   SFR60          

        CLASS   SFR61          

        CLASS   SFR62          

        CLASS   SFR63          

        CLASS   CONFIG         
                config                             8007     8007        5         4

        CLASS   IDLOC          

        CLASS   BANK63         

        CLASS   BANK62         

        CLASS   BANK61         

        CLASS   BANK60         

        CLASS   BANK59         

        CLASS   BANK58         

        CLASS   BANK57         

        CLASS   BANK56         

        CLASS   BANK55         

        CLASS   BANK54         

        CLASS   BANK53         

        CLASS   BANK52         

        CLASS   BANK51         

        CLASS   BANK50         

        CLASS   BANK49         

        CLASS   BANK48         

        CLASS   BANK47         

        CLASS   BANK46         

        CLASS   BANK45         

        CLASS   BANK44         

        CLASS   BANK43         

        CLASS   BANK42         

        CLASS   BANK41         

        CLASS   BANK40         

        CLASS   BANK39         

        CLASS   BANK38         

        CLASS   BANK37         

        CLASS   BANK36         

        CLASS   BANK35         

        CLASS   BANK34         

        CLASS   BANK33         

        CLASS   BANK32         

        CLASS   BANK31         

        CLASS   BANK30         

        CLASS   BANK29         

        CLASS   BANK28         

        CLASS   BANK27         

        CLASS   BANK26         

        CLASS   BANK25         

        CLASS   BANK24         

        CLASS   BANK23         

        CLASS   BANK22         

        CLASS   BANK21         

        CLASS   BANK20         

        CLASS   BANK19         

        CLASS   BANK18         

        CLASS   BANK17         

        CLASS   BANK16         

        CLASS   BANK15         

        CLASS   BANK14         

        CLASS   BANK13         

        CLASS   BANK12         

        CLASS   BANK11         

        CLASS   BANK10         

        CLASS   BANK9          

        CLASS   BANK8          

        CLASS   BANK7          

        CLASS   EEDATA         



SEGMENTS        Name                           Load    Length   Top    Selector   Space  Class     Delta

                reset_vec                      000000  000002  000002         0       0  CODE        2
                intentry                       000004  0007DC  0007E0         8       0  CODE        2
                cstackBANK0                    000020  00004C  00006C        20       1  BANK0       1
                cstackCOMMON                   000070  00000B  00007B        70       1  COMMON      1
                dataBANK1                      0000A0  00000C  0000AC        A0       1  BANK1       1


UNUSED ADDRESS RANGES

        Name                Unused          Largest block    Delta
        BANK0            0006C-0006F               4           1
        BANK1            000AC-000EF              44           1
        BANK2            00120-0016F              50           1
        BIGRAM           02000-021EF             1F0           1
        CODE             00002-00003               2           2
                         007E0-00FFF              20
        COMMON           0007B-0007D               3           1
        CONST            00002-00003               2           2
                         007E0-00FFF             100
        ENTRY            00002-00003               2           2
                         007E0-00FFF             100
        IDLOC            08000-08003               4           2
        RAM              0006C-0006F               4           1
                         000AC-000EF              44
                         00120-0016F              50
        SFR0             00000-0001F              20           1
        SFR1             00080-0009F              20           1
        SFR10            00500-0056F              70           1
        SFR11            00580-005EF              70           1
        SFR12            00600-0066F              70           1
        SFR13            00680-006EF              70           1
        SFR14            00700-0076F              70           1
        SFR15            00780-007EF              70           1
        SFR16            00800-0086F              70           1
        SFR17            00880-008EF              70           1
        SFR18            00900-0096F              70           1
        SFR19            00980-009EF              70           1
        SFR2             00100-0011F              20           1
        SFR20            00A00-00A6F              70           1
        SFR21            00A80-00AEF              70           1
        SFR22            00B00-00B6F              70           1
        SFR23            00B80-00BEF              70           1
        SFR24            00C00-00C6F              70           1
        SFR25            00C80-00CEF              70           1
        SFR26            00D00-00D6F              70           1
        SFR27            00D80-00DEF              70           1
        SFR28            00E00-00E6F              70           1
        SFR29            00E80-00EEF              70           1
        SFR3             00180-0019F              20           1
        SFR30            00F00-00F6F              70           1
        SFR31            00F80-00FEF              70           1
        SFR32            01000-0106F              70           1
        SFR33            01080-010EF              70           1
        SFR34            01100-0116F              70           1
        SFR35            01180-011EF              70           1
        SFR36            01200-0126F              70           1
        SFR37            01280-012EF              70           1
        SFR38            01300-0136F              70           1
        SFR39            01380-013EF              70           1
        SFR4             00200-0021F              20           1
        SFR40            01400-0146F              70           1
        SFR41            01480-014EF              70           1
        SFR42            01500-0156F              70           1
        SFR43            01580-015EF              70           1
        SFR44            01600-0166F              70           1
        SFR45            01680-016EF              70           1
        SFR46            01700-0176F              70           1
        SFR47            01780-017EF              70           1
        SFR48            01800-0186F              70           1
        SFR49            01880-018EF              70           1
        SFR5             00280-0029F              20           1
        SFR50            01900-0196F              70           1
        SFR51            01980-019EF              70           1
        SFR52            01A00-01A6F              70           1
        SFR53            01A80-01AEF              70           1
        SFR54            01B00-01B6F              70           1
        SFR55            01B80-01BEF              70           1
        SFR56            01C00-01C6F              70           1
        SFR57            01C80-01CEF              70           1
        SFR58            01D00-01D6F              70           1
        SFR59            01D80-01DEF              70           1
        SFR6             00300-0031F              20           1
        SFR60            01E00-01E6F              70           1
        SFR61            01E80-01EEF              70           1
        SFR62            01F00-01F6F              70           1
        SFR63            01F80-01FEF              70           1
        SFR7             00380-003EF              70           1
        SFR8             00400-0046F              70           1
        SFR9             00480-004EF              70           1
        STACK            0205C-020EF              94           1
        STRCODE          00002-00003               2           2
                         007E0-00FFF             820
        STRING           00002-00003               2           2
                         007E0-00FFF             100

                                  Symbol Table

SerialPortReceiveData@dataReceived           cstackBANK0  00020
SerialPortReceiveData@length                 cstackBANK0  00022
SerialPortReceiveInterruptService@tempData   cstackCOMMON 00072
SerialPortSendData@dataToSend                cstackBANK0  00020
SerialPortSendData@length                    cstackBANK0  00022
_ANSELA                                      (abs)        01F38
_ANSELB                                      (abs)        01F43
_ANSELC                                      (abs)        01F4E
_ATR                                         dataBANK1    000A0
_BAUD1CONbits                                (abs)        0011F
_INLVLA                                      (abs)        01F3C
_INLVLB                                      (abs)        01F47
_INLVLC                                      (abs)        01F52
_INTCONbits                                  (abs)        0000B
_InterruptServiceRoutine                     intentry     00004
_LATCbits                                    (abs)        0001A
_ODCONA                                      (abs)        01F3A
_ODCONB                                      (abs)        01F45
_ODCONC                                      (abs)        01F50
_OSCENbits                                   (abs)        00891
_OSCFRQ                                      (abs)        00893
_OSCSTATbits                                 (abs)        00890
_PIE1bits                                    (abs)        00717
_PIR1bits                                    (abs)        0070D
_PORTA                                       (abs)        0000C
_PORTB                                       (abs)        0000D
_RC1REG                                      (abs)        00119
_RC1STAbits                                  (abs)        0011D
_RC6PPSbits                                  (abs)        01F26
_RX1PPSbits                                  (abs)        01ECB
_SLRCONA                                     (abs)        01F3B
_SLRCONB                                     (abs)        01F46
_SLRCONC                                     (abs)        01F51
_SP1BRG                                      (abs)        0011B
_SerialPortReceiveData                       text15       0073A
_SerialPortReceiveInterruptService           text18       006A8
_SerialPortSendData                          text14       0070F
_SerialPortSetup                             text13       00760
_SerialPortTransmitInterruptService          text17       00780
_TRISA                                       (abs)        00012
_TRISB                                       (abs)        00013
_TRISC                                       (abs)        00014
_TRISCbits                                   (abs)        00014
_TX1REG                                      (abs)        0011A
_TX1STAbits                                  (abs)        0011E
_WPUA                                        (abs)        01F39
_WPUB                                        (abs)        01F44
_WPUC                                        (abs)        01F4F
__Habs1                                      abs1         00000
__Hbank0                                     bank0        00000
__Hbank1                                     bank1        00000
__Hbank10                                    bank10       00000
__Hbank11                                    bank11       00000
__Hbank12                                    bank12       00000
__Hbank13                                    bank13       00000
__Hbank14                                    bank14       00000
__Hbank15                                    bank15       00000
__Hbank16                                    bank16       00000
__Hbank17                                    bank17       00000
__Hbank18                                    bank18       00000
__Hbank19                                    bank19       00000
__Hbank2                                     bank2        00000
__Hbank20                                    bank20       00000
__Hbank21                                    bank21       00000
__Hbank22                                    bank22       00000
__Hbank23                                    bank23       00000
__Hbank24                                    bank24       00000
__Hbank25                                    bank25       00000
__Hbank26                                    bank26       00000
__Hbank27                                    bank27       00000
__Hbank28                                    bank28       00000
__Hbank29                                    bank29       00000
__Hbank3                                     bank3        00000
__Hbank30                                    bank30       00000
__Hbank31                                    bank31       00000
__Hbank32                                    bank32       00000
__Hbank33                                    bank33       00000
__Hbank34                                    bank34       00000
__Hbank35                                    bank35       00000
__Hbank36                                    bank36       00000
__Hbank37                                    bank37       00000
__Hbank38                                    bank38       00000
__Hbank39                                    bank39       00000
__Hbank4                                     bank4        00000
__Hbank40                                    bank40       00000
__Hbank41                                    bank41       00000
__Hbank42                                    bank42       00000
__Hbank43                                    bank43       00000
__Hbank44                                    bank44       00000
__Hbank45                                    bank45       00000
__Hbank46                                    bank46       00000
__Hbank47                                    bank47       00000
__Hbank48                                    bank48       00000
__Hbank49                                    bank49       00000
__Hbank5                                     bank5        00000
__Hbank50                                    bank50       00000
__Hbank51                                    bank51       00000
__Hbank52                                    bank52       00000
__Hbank53                                    bank53       00000
__Hbank54                                    bank54       00000
__Hbank55                                    bank55       00000
__Hbank56                                    bank56       00000
__Hbank57                                    bank57       00000
__Hbank58                                    bank58       00000
__Hbank59                                    bank59       00000
__Hbank6                                     bank6        00000
__Hbank60                                    bank60       00000
__Hbank61                                    bank61       00000
__Hbank62                                    bank62       00000
__Hbank63                                    bank63       00000
__Hbank7                                     bank7        00000
__Hbank8                                     bank8        00000
__Hbank9                                     bank9        00000
__Hbigram                                    bigram       00000
__HbssBANK0                                  bssBANK0     00000
__HbssCOMMON                                 bssCOMMON    00000
__Hcinit                                     cinit        00059
__Hclrtext                                   clrtext      00000
__Hcode                                      code         00000
__Hcommon                                    common       00000
__Hconfig                                    config       0800C
__HcstackBANK0                               cstackBANK0  00000
__HcstackCOMMON                              cstackCOMMON 00000
__HdataBANK1                                 dataBANK1    00000
__Heeprom_data                               eeprom_data  00000
__Hend_init                                  end_init     0002C
__Hfunctab                                   functab      00000
__HidataBANK1                                idataBANK1   00000
__Hinit                                      init         0002A
__Hinittext                                  inittext     00000
__Hintentry                                  intentry     0002A
__Hmaintext                                  maintext     00000
__Hpowerup                                   powerup      00000
__Hram                                       ram          00000
__Hreset_vec                                 reset_vec    00002
__Hsfr0                                      sfr0         00000
__Hsfr1                                      sfr1         00000
__Hsfr10                                     sfr10        00000
__Hsfr11                                     sfr11        00000
__Hsfr12                                     sfr12        00000
__Hsfr13                                     sfr13        00000
__Hsfr14                                     sfr14        00000
__Hsfr15                                     sfr15        00000
__Hsfr16                                     sfr16        00000
__Hsfr17                                     sfr17        00000
__Hsfr18                                     sfr18        00000
__Hsfr19                                     sfr19        00000
__Hsfr2                                      sfr2         00000
__Hsfr20                                     sfr20        00000
__Hsfr21                                     sfr21        00000
__Hsfr22                                     sfr22        00000
__Hsfr23                                     sfr23        00000
__Hsfr24                                     sfr24        00000
__Hsfr25                                     sfr25        00000
__Hsfr26                                     sfr26        00000
__Hsfr27                                     sfr27        00000
__Hsfr28                                     sfr28        00000
__Hsfr29                                     sfr29        00000
__Hsfr3                                      sfr3         00000
__Hsfr30                                     sfr30        00000
__Hsfr31                                     sfr31        00000
__Hsfr32                                     sfr32        00000
__Hsfr33                                     sfr33        00000
__Hsfr34                                     sfr34        00000
__Hsfr35                                     sfr35        00000
__Hsfr36                                     sfr36        00000
__Hsfr37                                     sfr37        00000
__Hsfr38                                     sfr38        00000
__Hsfr39                                     sfr39        00000
__Hsfr4                                      sfr4         00000
__Hsfr40                                     sfr40        00000
__Hsfr41                                     sfr41        00000
__Hsfr42                                     sfr42        00000
__Hsfr43                                     sfr43        00000
__Hsfr44                                     sfr44        00000
__Hsfr45                                     sfr45        00000
__Hsfr46                                     sfr46        00000
__Hsfr47                                     sfr47        00000
__Hsfr48                                     sfr48        00000
__Hsfr49                                     sfr49        00000
__Hsfr5                                      sfr5         00000
__Hsfr50                                     sfr50        00000
__Hsfr51                                     sfr51        00000
__Hsfr52                                     sfr52        00000
__Hsfr53                                     sfr53        00000
__Hsfr54                                     sfr54        00000
__Hsfr55                                     sfr55        00000
__Hsfr56                                     sfr56        00000
__Hsfr57                                     sfr57        00000
__Hsfr58                                     sfr58        00000
__Hsfr59                                     sfr59        00000
__Hsfr6                                      sfr6         00000
__Hsfr60                                     sfr60        00000
__Hsfr61                                     sfr61        00000
__Hsfr62                                     sfr62        00000
__Hsfr63                                     sfr63        00000
__Hsfr7                                      sfr7         00000
__Hsfr8                                      sfr8         00000
__Hsfr9                                      sfr9         00000
__Hspace_0                                   (abs)        007E0
__Hspace_1                                   (abs)        000AC
__Hspace_2                                   (abs)        00000
__Hspace_3                                   (abs)        00000
__Hspace_4                                   (abs)        10013
__Hstack                                     stack        00000
__Hstrings                                   strings      00000
__Htext                                      text         00000
__Labs1                                      abs1         00000
__Lbank0                                     bank0        00000
__Lbank1                                     bank1        00000
__Lbank10                                    bank10       00000
__Lbank11                                    bank11       00000
__Lbank12                                    bank12       00000
__Lbank13                                    bank13       00000
__Lbank14                                    bank14       00000
__Lbank15                                    bank15       00000
__Lbank16                                    bank16       00000
__Lbank17                                    bank17       00000
__Lbank18                                    bank18       00000
__Lbank19                                    bank19       00000
__Lbank2                                     bank2        00000
__Lbank20                                    bank20       00000
__Lbank21                                    bank21       00000
__Lbank22                                    bank22       00000
__Lbank23                                    bank23       00000
__Lbank24                                    bank24       00000
__Lbank25                                    bank25       00000
__Lbank26                                    bank26       00000
__Lbank27                                    bank27       00000
__Lbank28                                    bank28       00000
__Lbank29                                    bank29       00000
__Lbank3                                     bank3        00000
__Lbank30                                    bank30       00000
__Lbank31                                    bank31       00000
__Lbank32                                    bank32       00000
__Lbank33                                    bank33       00000
__Lbank34                                    bank34       00000
__Lbank35                                    bank35       00000
__Lbank36                                    bank36       00000
__Lbank37                                    bank37       00000
__Lbank38                                    bank38       00000
__Lbank39                                    bank39       00000
__Lbank4                                     bank4        00000
__Lbank40                                    bank40       00000
__Lbank41                                    bank41       00000
__Lbank42                                    bank42       00000
__Lbank43                                    bank43       00000
__Lbank44                                    bank44       00000
__Lbank45                                    bank45       00000
__Lbank46                                    bank46       00000
__Lbank47                                    bank47       00000
__Lbank48                                    bank48       00000
__Lbank49                                    bank49       00000
__Lbank5                                     bank5        00000
__Lbank50                                    bank50       00000
__Lbank51                                    bank51       00000
__Lbank52                                    bank52       00000
__Lbank53                                    bank53       00000
__Lbank54                                    bank54       00000
__Lbank55                                    bank55       00000
__Lbank56                                    bank56       00000
__Lbank57                                    bank57       00000
__Lbank58                                    bank58       00000
__Lbank59                                    bank59       00000
__Lbank6                                     bank6        00000
__Lbank60                                    bank60       00000
__Lbank61                                    bank61       00000
__Lbank62                                    bank62       00000
__Lbank63                                    bank63       00000
__Lbank7                                     bank7        00000
__Lbank8                                     bank8        00000
__Lbank9                                     bank9        00000
__Lbigram                                    bigram       00000
__LbssBANK0                                  bssBANK0     00000
__LbssCOMMON                                 bssCOMMON    00000
__Lcinit                                     cinit        0002C
__Lclrtext                                   clrtext      00000
__Lcode                                      code         00000
__Lcommon                                    common       00000
__Lconfig                                    config       00000
__LcstackBANK0                               cstackBANK0  00000
__LcstackCOMMON                              cstackCOMMON 00000
__LdataBANK1                                 dataBANK1    00000
__Leeprom_data                               eeprom_data  00000
__Lend_init                                  end_init     0002A
__Lfunctab                                   functab      00000
__LidataBANK1                                idataBANK1   00000
__Linit                                      init         0002A
__Linittext                                  inittext     00000
__Lintentry                                  intentry     00004
__Lmaintext                                  maintext     00000
__Lpowerup                                   powerup      00000
__Lram                                       ram          00000
__Lreset_vec                                 reset_vec    00000
__Lsfr0                                      sfr0         00000
__Lsfr1                                      sfr1         00000
__Lsfr10                                     sfr10        00000
__Lsfr11                                     sfr11        00000
__Lsfr12                                     sfr12        00000
__Lsfr13                                     sfr13        00000
__Lsfr14                                     sfr14        00000
__Lsfr15                                     sfr15        00000
__Lsfr16                                     sfr16        00000
__Lsfr17                                     sfr17        00000
__Lsfr18                                     sfr18        00000
__Lsfr19                                     sfr19        00000
__Lsfr2                                      sfr2         00000
__Lsfr20                                     sfr20        00000
__Lsfr21                                     sfr21        00000
__Lsfr22                                     sfr22        00000
__Lsfr23                                     sfr23        00000
__Lsfr24                                     sfr24        00000
__Lsfr25                                     sfr25        00000
__Lsfr26                                     sfr26        00000
__Lsfr27                                     sfr27        00000
__Lsfr28                                     sfr28        00000
__Lsfr29                                     sfr29        00000
__Lsfr3                                      sfr3         00000
__Lsfr30                                     sfr30        00000
__Lsfr31                                     sfr31        00000
__Lsfr32                                     sfr32        00000
__Lsfr33                                     sfr33        00000
__Lsfr34                                     sfr34        00000
__Lsfr35                                     sfr35        00000
__Lsfr36                                     sfr36        00000
__Lsfr37                                     sfr37        00000
__Lsfr38                                     sfr38        00000
__Lsfr39                                     sfr39        00000
__Lsfr4                                      sfr4         00000
__Lsfr40                                     sfr40        00000
__Lsfr41                                     sfr41        00000
__Lsfr42                                     sfr42        00000
__Lsfr43                                     sfr43        00000
__Lsfr44                                     sfr44        00000
__Lsfr45                                     sfr45        00000
__Lsfr46                                     sfr46        00000
__Lsfr47                                     sfr47        00000
__Lsfr48                                     sfr48        00000
__Lsfr49                                     sfr49        00000
__Lsfr5                                      sfr5         00000
__Lsfr50                                     sfr50        00000
__Lsfr51                                     sfr51        00000
__Lsfr52                                     sfr52        00000
__Lsfr53                                     sfr53        00000
__Lsfr54                                     sfr54        00000
__Lsfr55                                     sfr55        00000
__Lsfr56                                     sfr56        00000
__Lsfr57                                     sfr57        00000
__Lsfr58                                     sfr58        00000
__Lsfr59                                     sfr59        00000
__Lsfr6                                      sfr6         00000
__Lsfr60                                     sfr60        00000
__Lsfr61                                     sfr61        00000
__Lsfr62                                     sfr62        00000
__Lsfr63                                     sfr63        00000
__Lsfr7                                      sfr7         00000
__Lsfr8                                      sfr8         00000
__Lsfr9                                      sfr9         00000
__Lspace_0                                   (abs)        00000
__Lspace_1                                   (abs)        00000
__Lspace_2                                   (abs)        00000
__Lspace_3                                   (abs)        00000
__Lspace_4                                   (abs)        00000
__Lstack                                     stack        00000
__Lstrings                                   strings      00000
__Ltext                                      text         00000
__S0                                         (abs)        007E0
__S1                                         (abs)        000AC
__S2                                         (abs)        00000
___int_sp                                    stack        00000
___latbits                                   (abs)        00001
___sp                                        stack        00000
___stackhi                                   (abs)        020EF
___stacklo                                   (abs)        0205C
__end_of_InterruptServiceRoutine             intentry     0002A
__end_of_SerialPortReceiveData               text15       00760
__end_of_SerialPortReceiveInterruptService   text18       006DC
__end_of_SerialPortSendData                  text14       0073A
__end_of_SerialPortSetup                     text13       00780
__end_of_SerialPortTransmitInterruptService  text17       0079F
__end_of__initialization                     cinit        00055
__end_of_clearAddressRegisters               text7        007B0
__end_of_eraseFlash                          text9        003F6
__end_of_eraseFlashSector                    text8        00323
__end_of_main                                maintext     00250
__end_of_readFlash                           text6        00500
__end_of_readFlashChipId                     text3        0070F
__end_of_sendOneByte                         text12       007E0
__end_of_setAddressRegisters                 text11       00561
__end_of_softwareIdEntry                     text5        00621
__end_of_softwareIdExit                      text4        005C1
__end_of_waitPollData                        text10       00668
__end_of_writeFlash                          text1        006A8
__end_of_writeOneByte                        text2        0048C
__initialization                             cinit        0002C
__pbssBANK0                                  bssBANK0     00058
__pbssBIGRAM                                 (abs)        020F0
__pbssCOMMON                                 bssCOMMON    00076
__pcstackBANK0                               cstackBANK0  00020
__pcstackCOMMON                              cstackCOMMON 00070
__pdataBANK1                                 dataBANK1    000A0
__pidataBANK1                                idataBANK1   007B0
__pintentry                                  intentry     00004
__pmaintext                                  maintext     00059
__ptext1                                     text1        00668
__ptext10                                    text10       00621
__ptext11                                    text11       00500
__ptext12                                    text12       007D4
__ptext13                                    text13       00760
__ptext14                                    text14       0070F
__ptext15                                    text15       0073A
__ptext17                                    text17       00780
__ptext18                                    text18       006A8
__ptext2                                     text2        003F6
__ptext3                                     text3        006DC
__ptext4                                     text4        00561
__ptext5                                     text5        005C1
__ptext6                                     text6        0048C
__ptext7                                     text7        0079F
__ptext8                                     text8        00250
__ptext9                                     text9        00323
__size_of_InterruptServiceRoutine            (abs)        00000
__size_of_SerialPortReceiveData              (abs)        00000
__size_of_SerialPortReceiveInterruptService  (abs)        00000
__size_of_SerialPortSendData                 (abs)        00000
__size_of_SerialPortSetup                    (abs)        00000
__size_of_SerialPortTransmitInterruptService (abs)        00000
__size_of_clearAddressRegisters              (abs)        00000
__size_of_eraseFlash                         (abs)        00000
__size_of_eraseFlashSector                   (abs)        00000
__size_of_main                               (abs)        00000
__size_of_readFlash                          (abs)        00000
__size_of_readFlashChipId                    (abs)        00000
__size_of_sendOneByte                        (abs)        00000
__size_of_setAddressRegisters                (abs)        00000
__size_of_softwareIdEntry                    (abs)        00000
__size_of_softwareIdExit                     (abs)        00000
__size_of_waitPollData                       (abs)        00000
__size_of_writeFlash                         (abs)        00000
__size_of_writeOneByte                       (abs)        00000
_ackBuf                                      bssBANK0     0006A
_addr                                        bssBANK0     00058
_buf                                         bssBANK0     0005C
_bufLength                                   bssCOMMON    00076
_bufPtr                                      bssCOMMON    00078
_clearAddressRegisters                       text7        0079F
_cmd                                         bssBANK0     00062
_cmdBuf                                      bssBANK0     00063
_dataBuf                                     (abs)        020F0
_eraseFlash                                  text9        00323
_eraseFlashSector                            text8        00250
_main                                        maintext     00059
_numBytes                                    bssBANK0     0005E
_numRetBytes                                 bssBANK0     00068
_portInUse                                   bssBANK0     00060
_readFlash                                   text6        0048C
_readFlashChipId                             text3        006DC
_returnBytes                                 bssBANK0     00061
_sendOneByte                                 text12       007D4
_setAddressRegisters                         text11       00500
_softwareIdEntry                             text5        005C1
_softwareIdExit                              text4        00561
_waitPollData                                text10       00621
_writeFlash                                  text1        00668
_writeOneByte                                text2        003F6
btemp                                        (abs)        0007E
clear_ram0                                   clrtext      007C8
end_of_initialization                        cinit        00055
eraseFlashSector@addr                        cstackBANK0  00038
init_ram                                     inittext     007BC
int$flags                                    (abs)        0007E
intlevel0                                    functab      00000
intlevel1                                    functab      00000
intlevel2                                    functab      00000
intlevel3                                    functab      00000
intlevel4                                    functab      00000
intlevel5                                    functab      00000
main@successful                              cstackBANK0  00057
readFlash@addr                               cstackBANK0  0002F
readFlash@bufPtr                             cstackBANK0  0003A
readFlash@length                             cstackBANK0  0003C
readFlash@numBytes                           cstackBANK0  00033
readFlash@numRetBytes                        cstackBANK0  00037
readFlash@retBytes                           cstackBANK0  00035
readFlashChipId@numRetBytes                  cstackBANK0  00040
readFlashChipId@retBytes                     cstackBANK0  0003E
reset_vec                                    reset_vec    00000
sendOneByte@data                             cstackBANK0  00020
setAddressRegisters@CE                       cstackBANK0  00025
setAddressRegisters@OE                       cstackBANK0  00024
setAddressRegisters@addr                     cstackBANK0  00020
setAddressRegisters@i                        cstackBANK0  0002E
setAddressRegisters@mask                     cstackBANK0  0002A
start                                        init         0002A
start_initialization                         cinit        0002C
waitPollData@addr                            cstackBANK0  0002F
waitPollData@done                            cstackBANK0  00036
waitPollData@origData                        cstackBANK0  00033
waitPollData@readData                        cstackBANK0  00037
writeFlash@addr                              cstackBANK0  0003E
writeFlash@bufPtr                            cstackBANK0  00049
writeFlash@dataBytes                         cstackBANK0  00044
writeFlash@length                            cstackBANK0  00047
writeFlash@numBytes                          cstackBANK0  00042
writeOneByte@addr                            cstackBANK0  00038
writeOneByte@data                            cstackBANK0  0003C
wtemp0                                       (abs)        0007E


MODULE INFORMATION

Module		Function		Class		Link	Load	Size
source/main.c
		_main          		CODE           	0059	0000	503
		_InterruptServiceRoutine		CODE           	0004	0000	38

source/main.c estimated size: 541

source/flash.c
		_writeFlash    		CODE           	0668	0000	64
		_readFlash     		CODE           	048C	0000	116
		_waitPollData  		CODE           	0621	0000	71
		_eraseFlash    		CODE           	0323	0000	211
		_writeOneByte  		CODE           	03F6	0000	150
		_softwareIdExit		CODE           	0561	0000	96
		_eraseFlashSector		CODE           	0250	0000	211
		_clearAddressRegisters		CODE           	079F	0000	17
		_readFlashChipId		CODE           	06DC	0000	51
		_sendOneByte   		CODE           	07D4	0000	12
		_setAddressRegisters		CODE           	0500	0000	97
		_softwareIdEntry		CODE           	05C1	0000	96

source/flash.c estimated size: 1192

shared
		__initialization		CODE           	002C	0000	41

shared estimated size: 41

source/USART.c
		_SerialPortSendData		CODE           	070F	0000	43
		_SerialPortReceiveData		CODE           	073A	0000	38
		_SerialPortSetup		CODE           	0760	0000	32
		_SerialPortReceiveInterruptService		CODE           	06A8	0000	52
		_SerialPortTransmitInterruptService		CODE           	0780	0000	31

source/USART.c estimated size: 196

